     1                                  [org 0x0100]
     2                                  
     3 00000000 A1[1600]                mov ax , [num1]
     4                                  
     5 00000003 8B1E[1800]              mov bx , [num1 + 2]
     6                                  
     7 00000007 01D8                    add ax, bx
     8                                  
     9 00000009 A1[1A00]                mov ax , [num1 + 4]
    10                                  
    11 0000000C 01D8                    add ax , bx 
    12                                  
    13 0000000E A3[1900]                mov [result] , ax
    14                                  
    15 00000011 B8004C                  mov ax , 0x4c00
    16                                  
    17 00000014 CD21                    int 0x21
    18                                  
    19                                  
    20 00000016 050A0F                  num1 : db 5 , 10, 15 
    21 00000019 00                      result:  db 0
    22                                  
