     1                                  [org 0x0100]
     2                                  
     3                                  ; initiallize stuff
     4                                  
     5 00000000 B80000                  mov ax, 0
     6 00000003 B90300                  mov cx, 3
     7 00000006 BB[1D00]                mov bx, num1
     8                                  
     9                                  
    10                                  outerloop:
    11 00000009 0307                        add ax, [bx]
    12 0000000B 81C30200                    add bx,2
    13                                  
    14 0000000F 81E90100                    sub cx,1
    15 00000013 75F4                        jnz outerloop
    16                                  
    17 00000015 A3[2500]                mov [result], ax
    18                                  
    19 00000018 B8004C                  mov ax, 0x4c00
    20 0000001B CD21                    int 0x21
    21                                  
    22 0000001D 0500060007000800        num1: dw 5, 6, 7, 8
    23 00000025 0000                    result: dw 0
    24                                  
    25                                  
    26                                  
