     1                                  [org 0x0100]
     2 00000000 31C0                    xor ax, ax
     3                                  
     4 00000002 BB[1F00]                mov bx, num1 
     5                                  
     6 00000005 0307                    add ax, [bx]
     7 00000007 81C30200                add bx, 2
     8                                  
     9 0000000B 0307                    add ax, [bx]
    10 0000000D 81C30200                add bx, 2
    11                                  
    12 00000011 0307                    add ax, [bx]
    13 00000013 81C30200                add bx, 2
    14                                  
    15 00000017 A3[2F00]                mov [result], ax 
    16                                  
    17 0000001A B8004C                  mov ax, 0x4c00
    18 0000001D CD21                    int 0x21
    19                                  
    20                                  
    21 0000001F 05000600070008000A-     num1 : dw 5, 6, 7, 8, 10, 11, 12, 13
    22 00000028 000B000C000D00     
    23 0000002F 0000                    result : dw 0
    24                                  
    25                                  
    26                                  
    27                                  
    28                                  
    29                                  
    30                                  
    31                                  
